]0;/home/dreznik/Dropbox/Data Science/R Projects/Collatz]0;dreznik@dreznik-ubuntu-01: ~/Dropbox/Data Science/R Projects/Collatz[01;32mdreznik@dreznik-ubuntu-01[00m:[01;34m~/Dropbox/Data Science/R Projects/Collatz[00m$ [K]0;dreznik@dreznik-ubuntu-01: ~/Dropbox/Data Science/R Projects/Collatz[01;32mdreznik@dreznik-ubuntu-01[00m:[01;34m~/Dropbox/Data Science/R Projects/Collatz[00m$ ls
collatz.nb.html  Collatz.Rproj  [0m[01;35mn27_log.png[0m  [01;35msteps_required.png[0m
collatz.Rmd      df_coll.csv    [01;35mn27.png[0m      [01;35mtrailing_zero_mean.png[0m
[K]0;dreznik@dreznik-ubuntu-01: ~/Dropbox/Data Science/R Projects/Collatz[01;32mdreznik@dreznik-ubuntu-01[00m:[01;34m~/Dropbox/Data Science/R Projects/Collatz[00m$ git commit -m "first commit"
fatal: not a git repository (or any of the parent directories): .git
]0;/home/dreznik/Dropbox/Data Science/R Projects/Collatz]0;dreznik@dreznik-ubuntu-01: ~/Dropbox/Data Science/R Projects/Collatz[01;32mdreznik@dreznik-ubuntu-01[00m:[01;34m~/Dropbox/Data Science/R Projects/Collatz[00m$ git remote add origin git@github.coom:dan-reznik/Collatz-Sequences.git
fatal: not a git repository (or any of the parent directories): .git
]0;/home/dreznik/Dropbox/Data Science/R Projects/Collatz]0;dreznik@dreznik-ubuntu-01: ~/Dropbox/Data Science/R Projects/Collatz[01;32mdreznik@dreznik-ubuntu-01[00m:[01;34m~/Dropbox/Data Science/R Projects/Collatz[00m$ git push -u origin master[K[K[K[K[K[K[K[K[K[K[K[K[K[K[K[K[K[K[K[K[K[K[K[K[Kgit init
Initialized empty Git repository in /home/dreznik/Dropbox/Data Science/R Projects/Collatz/.git/
]0;/home/dreznik/Dropbox/Data Science/R Projects/Collatz]0;dreznik@dreznik-ubuntu-01: ~/Dropbox/Data Science/R Projects/Collatz[01;32mdreznik@dreznik-ubuntu-01[00m:[01;34m~/Dropbox/Data Science/R Projects/Collatz[00m$ git init[K[K[K[K[K[K[K[Kgit add .
]0;/home/dreznik/Dropbox/Data Science/R Projects/Collatz]0;dreznik@dreznik-ubuntu-01: ~/Dropbox/Data Science/R Projects/Collatz[01;32mdreznik@dreznik-ubuntu-01[00m:[01;34m~/Dropbox/Data Science/R Projects/Collatz[00m$ git commit -m "1st commit"
[master (root-commit) 8a54a27] 1st commit
 79 files changed, 810 insertions(+)
 create mode 100644 .Rhistory
 create mode 100644 .Rproj.user/48BAAACD/console06/8FAC7E37
 create mode 100644 .Rproj.user/48BAAACD/console06/8FAC7E37.env
 create mode 100644 .Rproj.user/48BAAACD/console06/INDEX001
 create mode 100644 .Rproj.user/48BAAACD/pcs/files-pane.pper
 create mode 100644 .Rproj.user/48BAAACD/pcs/source-pane.pper
 create mode 100644 .Rproj.user/48BAAACD/pcs/windowlayoutstate.pper
 create mode 100644 .Rproj.user/48BAAACD/pcs/workbench-pane.pper
 create mode 100644 .Rproj.user/48BAAACD/saved_source_markers
 create mode 100644 .Rproj.user/48BAAACD/sources/prop/8A4BE4CE
 create mode 100644 .Rproj.user/48BAAACD/sources/prop/9773175D
 create mode 100644 .Rproj.user/48BAAACD/sources/prop/A8C67DD0
 create mode 100644 .Rproj.user/48BAAACD/sources/prop/F562A19F
 create mode 100644 .Rproj.user/48BAAACD/sources/prop/INDEX
 create mode 100644 .Rproj.user/48BAAACD/sources/s-44e78c40/A94BAEB5
 create mode 100644 .Rproj.user/48BAAACD/sources/s-44e78c40/A94BAEB5-contents
 create mode 100644 .Rproj.user/48BAAACD/sources/s-44e78c40/C9807018
 create mode 100644 .Rproj.user/48BAAACD/sources/s-44e78c40/C9807018-contents
 create mode 100644 .Rproj.user/48BAAACD/sources/s-44e78c40/lock_file
 create mode 100644 .Rproj.user/shared/notebooks/6C06F71D-collatz/1/48BAAACD44e78c40/chunks.json
 create mode 100644 .Rproj.user/shared/notebooks/6C06F71D-collatz/1/s/chunks.json
 create mode 100644 .Rproj.user/shared/notebooks/F84EDE27-README/1/48BAAACD44e78c40/chunks.json
 create mode 100644 .Rproj.user/shared/notebooks/F84EDE27-README/1/s/c8smf9e5zw9qr/000002.csv
 create mode 100644 .Rproj.user/shared/notebooks/F84EDE27-README/1/s/chunks.json
 create mode 100644 .Rproj.user/shared/notebooks/F84EDE27-README/1/s/cor3v63fidg86/000002.csv
 create mode 100644 .Rproj.user/shared/notebooks/F84EDE27-README/1/s/cor3v63fidg86/000003.metadata
 create mode 100644 .Rproj.user/shared/notebooks/F84EDE27-README/1/s/cor3v63fidg86/000003.png
 create mode 100644 .Rproj.user/shared/notebooks/F84EDE27-README/1/s/cor3v63fidg86/000003.snapshot
 create mode 100644 .Rproj.user/shared/notebooks/patch-chunk-names
 create mode 100644 .Rproj.user/shared/notebooks/paths
 create mode 100644 Collatz.Rproj
 create mode 100644 README.Rmd
 create mode 100644 README.md
 create mode 100644 README_cache/markdown_github/__packages
 create mode 100644 README_cache/markdown_github/eval==F_fc8545b1d5136163a5146dffcc040dee.RData
 create mode 100644 README_cache/markdown_github/eval==F_fc8545b1d5136163a5146dffcc040dee.rdb
 create mode 100644 README_cache/markdown_github/eval==F_fc8545b1d5136163a5146dffcc040dee.rdx
 create mode 100644 README_cache/markdown_github/unnamed-chunk-10_6593c437abdc10649f7896dabb53b17a.RData
 create mode 100644 README_cache/markdown_github/unnamed-chunk-10_6593c437abdc10649f7896dabb53b17a.rdb
 create mode 100644 README_cache/markdown_github/unnamed-chunk-10_6593c437abdc10649f7896dabb53b17a.rdx
 create mode 100644 README_cache/markdown_github/unnamed-chunk-11_9eb808d26679be641217f95a677bb123.RData
 create mode 100644 README_cache/markdown_github/unnamed-chunk-11_9eb808d26679be641217f95a677bb123.rdb
 create mode 100644 README_cache/markdown_github/unnamed-chunk-11_9eb808d26679be641217f95a677bb123.rdx
 create mode 100644 README_cache/markdown_github/unnamed-chunk-12_51b4b9e5565d27ba4e70cbd2509ac930.RData
 create mode 100644 README_cache/markdown_github/unnamed-chunk-12_51b4b9e5565d27ba4e70cbd2509ac930.rdb
 create mode 100644 README_cache/markdown_github/unnamed-chunk-12_51b4b9e5565d27ba4e70cbd2509ac930.rdx
 create mode 100644 README_cache/markdown_github/unnamed-chunk-2_1cca9acadea30f5947d52656eddc8a7f.RData
 create mode 100644 README_cache/markdown_github/unnamed-chunk-2_1cca9acadea30f5947d52656eddc8a7f.rdb
 create mode 100644 README_cache/markdown_github/unnamed-chunk-2_1cca9acadea30f5947d52656eddc8a7f.rdx
 create mode 100644 README_cache/markdown_github/unnamed-chunk-3_364ab869d7734c8ec8def35dab01c08d.RData
 create mode 100644 README_cache/markdown_github/unnamed-chunk-3_364ab869d7734c8ec8def35dab01c08d.rdb
 create mode 100644 README_cache/markdown_github/unnamed-chunk-3_364ab869d7734c8ec8def35dab01c08d.rdx
 create mode 100644 README_cache/markdown_github/unnamed-chunk-4_a0ccee85b291741fba347a4a352a8d40.RData
 create mode 100644 README_cache/markdown_github/unnamed-chunk-4_a0ccee85b291741fba347a4a352a8d40.rdb
 create mode 100644 README_cache/markdown_github/unnamed-chunk-4_a0ccee85b291741fba347a4a352a8d40.rdx
 create mode 100644 README_cache/markdown_github/unnamed-chunk-5_588493418c3ad95abb4d28f975690637.RData
 create mode 100644 README_cache/markdown_github/unnamed-chunk-5_588493418c3ad95abb4d28f975690637.rdb
 create mode 100644 README_cache/markdown_github/unnamed-chunk-5_588493418c3ad95abb4d28f975690637.rdx
 create mode 100644 README_cache/markdown_github/unnamed-chunk-6_ba9cf3b30a873635408608776531ee5e.RData
 create mode 100644 README_cache/markdown_github/unnamed-chunk-6_ba9cf3b30a873635408608776531ee5e.rdb
 create mode 100644 README_cache/markdown_github/unnamed-chunk-6_ba9cf3b30a873635408608776531ee5e.rdx
 create mode 100644 README_cache/markdown_github/unnamed-chunk-7_c5130420a80405f8f78329dbf91ef5f0.RData
 create mode 100644 README_cache/markdown_github/unnamed-chunk-7_c5130420a80405f8f78329dbf91ef5f0.rdb
 create mode 100644 README_cache/markdown_github/unnamed-chunk-7_c5130420a80405f8f78329dbf91ef5f0.rdx
 create mode 100644 README_cache/markdown_github/unnamed-chunk-8_d9b8ca6a7261ba51ba8c71e9f43d0fab.RData
 create mode 100644 README_cache/markdown_github/unnamed-chunk-8_d9b8ca6a7261ba51ba8c71e9f43d0fab.rdb
 create mode 100644 README_cache/markdown_github/unnamed-chunk-8_d9b8ca6a7261ba51ba8c71e9f43d0fab.rdx
 create mode 100644 README_cache/markdown_github/unnamed-chunk-9_95c0e3d13dbf39748d85310d5488e192.RData
 create mode 100644 README_cache/markdown_github/unnamed-chunk-9_95c0e3d13dbf39748d85310d5488e192.rdb
 create mode 100644 README_cache/markdown_github/unnamed-chunk-9_95c0e3d13dbf39748d85310d5488e192.rdx
 create mode 100644 README_files/figure-markdown_github/unnamed-chunk-6-1.png
 create mode 100644 README_files/figure-markdown_github/unnamed-chunk-7-1.png
 create mode 100644 README_files/figure-markdown_github/unnamed-chunk-8-1.png
 create mode 100644 data/df_coll.csv
 create mode 100644 data/df_coll.rds
 create mode 100644 pics/n27.png
 create mode 100644 pics/n27_log.png
 create mode 100644 pics/steps_required.png
 create mode 100644 pics/trailing_zero_mean.png
]0;/home/dreznik/Dropbox/Data Science/R Projects/Collatz]0;dreznik@dreznik-ubuntu-01: ~/Dropbox/Data Science/R Projects/Collatz[01;32mdreznik@dreznik-ubuntu-01[00m:[01;34m~/Dropbox/Data Science/R Projects/Collatz[00m$ git push[K[K[K[K[K[K[K[Kgit remote add origin git@github.coom:dan-reznik/Collatz-Sequences.git
]0;/home/dreznik/Dropbox/Data Science/R Projects/Collatz]0;dreznik@dreznik-ubuntu-01: ~/Dropbox/Data Science/R Projects/Collatz[01;32mdreznik@dreznik-ubuntu-01[00m:[01;34m~/Dropbox/Data Science/R Projects/Collatz[00m$ git push
fatal: The current branch master has no upstream branch.
To push the current branch and set the remote as upstream, use

    git push --set-upstream origin master

]0;/home/dreznik/Dropbox/Data Science/R Projects/Collatz]0;dreznik@dreznik-ubuntu-01: ~/Dropbox/Data Science/R Projects/Collatz[01;32mdreznik@dreznik-ubuntu-01[00m:[01;34m~/Dropbox/Data Science/R Projects/Collatz[00m$ git push [K[K[K[K[K[K[K[K[Kgit push -u origin master
Enter passphrase for key '/home/dreznik/.ssh/id_rsa': 
Counting objects: 85, done.
Delta compression using up to 2 threads.
Compressing objects:   1% (1/72)   Compressing objects:   2% (2/72)   Compressing objects:   4% (3/72)   Compressing objects:   5% (4/72)   Compressing objects:   6% (5/72)   Compressing objects:   8% (6/72)   Compressing objects:   9% (7/72)   Compressing objects:  11% (8/72)   Compressing objects:  12% (9/72)   Compressing objects:  13% (10/72)   Compressing objects:  15% (11/72)   Compressing objects:  16% (12/72)   Compressing objects:  18% (13/72)   Compressing objects:  19% (14/72)   Compressing objects:  20% (15/72)   Compressing objects:  22% (16/72)   Compressing objects:  23% (17/72)   Compressing objects:  25% (18/72)   Compressing objects:  26% (19/72)   Compressing objects:  27% (20/72)   Compressing objects:  29% (21/72)   Compressing objects:  30% (22/72)   Compressing objects:  31% (23/72)   Compressing objects:  33% (24/72)   Compressing objects:  34% (25/72)   Compressing objects:  36% (26/72)   Compressing objects:  37% (27/72)   Compressing objects:  38% (28/72)   Compressing objects:  40% (29/72)   Compressing objects:  41% (30/72)   Compressing objects:  43% (31/72)   Compressing objects:  44% (32/72)   Compressing objects:  45% (33/72)   Compressing objects:  47% (34/72)   Compressing objects:  48% (35/72)   Compressing objects:  50% (36/72)   Compressing objects:  51% (37/72)   Compressing objects:  52% (38/72)   Compressing objects:  54% (39/72)   Compressing objects:  55% (40/72)   Compressing objects:  56% (41/72)   Compressing objects:  58% (42/72)   Compressing objects:  59% (43/72)   Compressing objects:  61% (44/72)   Compressing objects:  62% (45/72)   Compressing objects:  63% (46/72)   Compressing objects:  65% (47/72)   Compressing objects:  66% (48/72)   Compressing objects:  68% (49/72)   Compressing objects:  69% (50/72)   Compressing objects:  70% (51/72)   Compressing objects:  72% (52/72)   Compressing objects:  73% (53/72)   Compressing objects:  75% (54/72)   Compressing objects:  76% (55/72)   Compressing objects:  77% (56/72)   Compressing objects:  79% (57/72)   Compressing objects:  80% (58/72)   Compressing objects:  81% (59/72)   Compressing objects:  83% (60/72)   Compressing objects:  84% (61/72)   Compressing objects:  86% (62/72)   Compressing objects:  87% (63/72)   Compressing objects:  88% (64/72)   Compressing objects:  90% (65/72)   Compressing objects:  91% (66/72)   Compressing objects:  93% (67/72)   Compressing objects:  94% (68/72)   Compressing objects:  95% (69/72)   Compressing objects:  97% (70/72)   Compressing objects:  98% (71/72)   Compressing objects: 100% (72/72)   Compressing objects: 100% (72/72), done.
Writing objects:   1% (1/85)   Writing objects:   2% (2/85)   Writing objects:   3% (3/85)   Writing objects:   4% (4/85)   Writing objects:   5% (5/85)   Writing objects:   7% (6/85)   Writing objects:   8% (7/85)   Writing objects:   9% (8/85)   Writing objects:  10% (9/85)   Writing objects:  11% (10/85)   Writing objects:  12% (11/85)   Writing objects:  14% (12/85)   Writing objects:  15% (13/85)   Writing objects:  16% (14/85)   Writing objects:  17% (15/85)   Writing objects:  18% (16/85)   Writing objects:  20% (17/85)   Writing objects:  21% (18/85)   Writing objects:  22% (19/85)   Writing objects:  23% (20/85)   Writing objects:  24% (21/85)   Writing objects:  25% (22/85)   Writing objects:  27% (23/85)   Writing objects:  28% (24/85)   Writing objects:  29% (25/85)   Writing objects:  30% (26/85)   Writing objects:  31% (27/85)   Writing objects:  32% (28/85)   Writing objects:  34% (29/85)   Writing objects:  35% (30/85)   Writing objects:  36% (31/85)   Writing objects:  37% (32/85)   Writing objects:  38% (33/85)   Writing objects:  40% (34/85)   Writing objects:  41% (35/85)   Writing objects:  42% (36/85)   Writing objects:  43% (37/85)   Writing objects:  44% (38/85)   Writing objects:  45% (39/85)   Writing objects:  47% (40/85)   Writing objects:  48% (41/85)   Writing objects:  49% (42/85)   Writing objects:  50% (43/85)   Writing objects:  51% (44/85)   Writing objects:  52% (45/85)   Writing objects:  54% (46/85)   Writing objects:  55% (47/85)   Writing objects:  56% (48/85)   Writing objects:  57% (49/85)   Writing objects:  58% (50/85)   Writing objects:  60% (51/85)   Writing objects:  61% (52/85)   Writing objects:  62% (53/85)   Writing objects:  63% (54/85)   Writing objects:  64% (55/85)   Writing objects:  67% (57/85)   Writing objects:  69% (59/85)   Writing objects:  70% (60/85)   Writing objects:  71% (61/85)   Writing objects:  72% (62/85)   Writing objects:  74% (63/85)   Writing objects:  75% (64/85)   Writing objects:  76% (65/85)   Writing objects:  77% (66/85)   Writing objects:  78% (67/85)   Writing objects:  80% (68/85)   Writing objects:  81% (69/85)   Writing objects:  82% (70/85)   Writing objects:  83% (71/85)   Writing objects:  84% (72/85)   Writing objects:  85% (73/85)   Writing objects:  87% (74/85)   Writing objects:  88% (75/85)   Writing objects:  89% (76/85)   Writing objects:  90% (77/85)   Writing objects:  91% (78/85)   Writing objects:  92% (79/85)   Writing objects:  94% (80/85)   Writing objects:  95% (81/85)   Writing objects:  96% (82/85)   Writing objects:  97% (83/85)   Writing objects:  98% (84/85)   Writing objects: 100% (85/85)   Writing objects: 100% (85/85), 608.55 KiB | 5.34 MiB/s, done.
Total 85 (delta 4), reused 0 (delta 0)
remote: Resolving deltas:   0% (0/4)   [Kremote: Resolving deltas:  25% (1/4)   [Kremote: Resolving deltas:  75% (3/4)   [Kremote: Resolving deltas: 100% (4/4)   [Kremote: Resolving deltas: 100% (4/4), done.[K
To github.com:dan-reznik/Collatz-Sequences.git
 * [new branch]      master -> master
Branch 'master' set up to track remote branch 'master' from 'origin'.
]0;/home/dreznik/Dropbox/Data Science/R Projects/Collatz]0;dreznik@dreznik-ubuntu-01: ~/Dropbox/Data Science/R Projects/Collatz[01;32mdreznik@dreznik-ubuntu-01[00m:[01;34m~/Dropbox/Data Science/R Projects/Collatz[00m$ git add .
]0;/home/dreznik/Dropbox/Data Science/R Projects/Collatz]0;dreznik@dreznik-ubuntu-01: ~/Dropbox/Data Science/R Projects/Collatz[01;32mdreznik@dreznik-ubuntu-01[00m:[01;34m~/Dropbox/Data Science/R Projects/Collatz[00m$ git commit =[K-, "2n[K[K[K[K[K[Km[K-m "2nd commit"
[master 3076a89] 2nd commit
 18 files changed, 177 insertions(+), 42 deletions(-)
 create mode 100644 .gitignore
 delete mode 100644 README_cache/markdown_github/unnamed-chunk-10_6593c437abdc10649f7896dabb53b17a.RData
 delete mode 100644 README_cache/markdown_github/unnamed-chunk-10_6593c437abdc10649f7896dabb53b17a.rdb
 delete mode 100644 README_cache/markdown_github/unnamed-chunk-10_6593c437abdc10649f7896dabb53b17a.rdx
 delete mode 100644 README_cache/markdown_github/unnamed-chunk-11_9eb808d26679be641217f95a677bb123.RData
 delete mode 100644 README_cache/markdown_github/unnamed-chunk-11_9eb808d26679be641217f95a677bb123.rdb
 delete mode 100644 README_cache/markdown_github/unnamed-chunk-11_9eb808d26679be641217f95a677bb123.rdx
 delete mode 100644 README_cache/markdown_github/unnamed-chunk-4_a0ccee85b291741fba347a4a352a8d40.RData
 delete mode 100644 README_cache/markdown_github/unnamed-chunk-4_a0ccee85b291741fba347a4a352a8d40.rdb
 delete mode 100644 README_cache/markdown_github/unnamed-chunk-4_a0ccee85b291741fba347a4a352a8d40.rdx
]0;/home/dreznik/Dropbox/Data Science/R Projects/Collatz]0;dreznik@dreznik-ubuntu-01: ~/Dropbox/Data Science/R Projects/Collatz[01;32mdreznik@dreznik-ubuntu-01[00m:[01;34m~/Dropbox/Data Science/R Projects/Collatz[00m$ git push
Enter passphrase for key '/home/dreznik/.ssh/id_rsa': 
Counting objects: 18, done.
Delta compression using up to 2 threads.
Compressing objects:   6% (1/16)   Compressing objects:  12% (2/16)   Compressing objects:  18% (3/16)   Compressing objects:  25% (4/16)   Compressing objects:  31% (5/16)   Compressing objects:  37% (6/16)   Compressing objects:  43% (7/16)   Compressing objects:  50% (8/16)   Compressing objects:  56% (9/16)   Compressing objects:  62% (10/16)   Compressing objects:  68% (11/16)   Compressing objects:  75% (12/16)   Compressing objects:  81% (13/16)   Compressing objects:  87% (14/16)   Compressing objects:  93% (15/16)   Compressing objects: 100% (16/16)   Compressing objects: 100% (16/16), done.
Writing objects:   5% (1/18)   Writing objects:  11% (2/18)   Writing objects:  16% (3/18)   Writing objects:  22% (4/18)   Writing objects:  27% (5/18)   Writing objects:  33% (6/18)   Writing objects:  38% (7/18)   Writing objects:  44% (8/18)   Writing objects:  50% (9/18)   Writing objects:  55% (10/18)   Writing objects:  61% (11/18)   Writing objects:  66% (12/18)   Writing objects:  72% (13/18)   Writing objects:  77% (14/18)   Writing objects:  83% (15/18)   Writing objects:  88% (16/18)   Writing objects:  94% (17/18)   Writing objects: 100% (18/18)   Writing objects: 100% (18/18), 5.18 KiB | 1.73 MiB/s, done.
Total 18 (delta 7), reused 0 (delta 0)
remote: Resolving deltas:   0% (0/7)   [Kremote: Resolving deltas:  14% (1/7)   [Kremote: Resolving deltas:  28% (2/7)   [Kremote: Resolving deltas:  42% (3/7)   [Kremote: Resolving deltas:  57% (4/7)   [Kremote: Resolving deltas:  71% (5/7)   [Kremote: Resolving deltas:  85% (6/7)   [Kremote: Resolving deltas: 100% (7/7)   [Kremote: Resolving deltas: 100% (7/7), completed with 7 local objects.[K
To github.com:dan-reznik/Collatz-Sequences.git
   8a54a27..3076a89  master -> master
git add .
]0;/home/dreznik/Dropbox/Data Science/R Projects/Collatz]0;dreznik@dreznik-ubuntu-01: ~/Dropbox/Data Science/R Projects/Collatz[01;32mdreznik@dreznik-ubuntu-01[00m:[01;34m~/Dropbox/Data Science/R Projects/Collatz[00m$ git commit -m "no more cache files "
[master ced7358] no more cache files
 11 files changed, 147 insertions(+), 11 deletions(-)
 rewrite .Rproj.user/48BAAACD/console06/INDEX001 (87%)
]0;/home/dreznik/Dropbox/Data Science/R Projects/Collatz]0;dreznik@dreznik-ubuntu-01: ~/Dropbox/Data Science/R Projects/Collatz[01;32mdreznik@dreznik-ubuntu-01[00m:[01;34m~/Dropbox/Data Science/R Projects/Collatz[00m$ git push
Enter passphrase for key '/home/dreznik/.ssh/id_rsa': 
Counting objects: 22, done.
Delta compression using up to 2 threads.
Compressing objects:   5% (1/19)   Compressing objects:  10% (2/19)   Compressing objects:  15% (3/19)   Compressing objects:  21% (4/19)   Compressing objects:  26% (5/19)   Compressing objects:  31% (6/19)   Compressing objects:  36% (7/19)   Compressing objects:  42% (8/19)   Compressing objects:  47% (9/19)   Compressing objects:  52% (10/19)   Compressing objects:  57% (11/19)   Compressing objects:  63% (12/19)   Compressing objects:  68% (13/19)   Compressing objects:  73% (14/19)   Compressing objects:  78% (15/19)   Compressing objects:  84% (16/19)   Compressing objects:  89% (17/19)   Compressing objects:  94% (18/19)   Compressing objects: 100% (19/19)   Compressing objects: 100% (19/19), done.
Writing objects:   4% (1/22)   Writing objects:   9% (2/22)   Writing objects:  13% (3/22)   Writing objects:  18% (4/22)   Writing objects:  22% (5/22)   Writing objects:  27% (6/22)   Writing objects:  31% (7/22)   Writing objects:  36% (8/22)   Writing objects:  40% (9/22)   Writing objects:  45% (10/22)   Writing objects:  50% (11/22)   Writing objects:  54% (12/22)   Writing objects:  59% (13/22)   Writing objects:  63% (14/22)   Writing objects:  68% (15/22)   Writing objects:  72% (16/22)   Writing objects:  77% (17/22)   Writing objects:  81% (18/22)   Writing objects:  86% (19/22)   Writing objects:  90% (20/22)   Writing objects:  95% (21/22)   Writing objects: 100% (22/22)   Writing objects: 100% (22/22), 3.03 KiB | 1.51 MiB/s, done.
Total 22 (delta 11), reused 0 (delta 0)
remote: Resolving deltas:   0% (0/11)   [Kremote: Resolving deltas:   9% (1/11)   [Kremote: Resolving deltas:  18% (2/11)   [Kremote: Resolving deltas:  27% (3/11)   [Kremote: Resolving deltas:  36% (4/11)   [Kremote: Resolving deltas:  45% (5/11)   [Kremote: Resolving deltas:  54% (6/11)   [Kremote: Resolving deltas:  63% (7/11)   [Kremote: Resolving deltas:  72% (8/11)   [Kremote: Resolving deltas:  81% (9/11)   [Kremote: Resolving deltas:  90% (10/11)   [Kremote: Resolving deltas: 100% (11/11)   [Kremote: Resolving deltas: 100% (11/11), completed with 11 local objects.[K
To github.com:dan-reznik/Collatz-Sequences.git
   3076a89..ced7358  master -> master
]0;/home/dreznik/Dropbox/Data Science/R Projects/Collatz]0;dreznik@dreznik-ubuntu-01: ~/Dropbox/Data Science/R Projects/Collatz[01;32mdreznik@dreznik-ubuntu-01[00m:[01;34m~/Dropbox/Data Science/R Projects/Collatz[00m$ ls
Collatz.Rproj  [0m[01;34mdata[0m  [01;34mpics[0m  [01;34mREADME_cache[0m  [01;34mREADME_files[0m  README.md  README.Rmd
]0;/home/dreznik/Dropbox/Data Science/R Projects/Collatz]0;dreznik@dreznik-ubuntu-01: ~/Dropbox/Data Science/R Projects/Collatz[01;32mdreznik@dreznik-ubuntu-01[00m:[01;34m~/Dropbox/Data Science/R Projects/Collatz[00m$ rm -rf README_cache
]0;/home/dreznik/Dropbox/Data Science/R Projects/Collatz]0;dreznik@dreznik-ubuntu-01: ~/Dropbox/Data Science/R Projects/Collatz[01;32mdreznik@dreznik-ubuntu-01[00m:[01;34m~/Dropbox/Data Science/R Projects/Collatz[00m$ git add .
]0;/home/dreznik/Dropbox/Data Science/R Projects/Collatz]0;dreznik@dreznik-ubuntu-01: ~/Dropbox/Data Science/R Projects/Collatz[01;32mdreznik@dreznik-ubuntu-01[00m:[01;34m~/Dropbox/Data Science/R Projects/Collatz[00m$ git commite -m "[K[K[K[K[K[K -m "delete cache"
[master 9f15da8] delete cache
 29 files changed, 4 insertions(+), 12 deletions(-)
 delete mode 100644 README_cache/markdown_github/__packages
 delete mode 100644 README_cache/markdown_github/eval==F_fc8545b1d5136163a5146dffcc040dee.RData
 delete mode 100644 README_cache/markdown_github/eval==F_fc8545b1d5136163a5146dffcc040dee.rdb
 delete mode 100644 README_cache/markdown_github/eval==F_fc8545b1d5136163a5146dffcc040dee.rdx
 delete mode 100644 README_cache/markdown_github/unnamed-chunk-12_51b4b9e5565d27ba4e70cbd2509ac930.RData
 delete mode 100644 README_cache/markdown_github/unnamed-chunk-12_51b4b9e5565d27ba4e70cbd2509ac930.rdb
 delete mode 100644 README_cache/markdown_github/unnamed-chunk-12_51b4b9e5565d27ba4e70cbd2509ac930.rdx
 delete mode 100644 README_cache/markdown_github/unnamed-chunk-2_1cca9acadea30f5947d52656eddc8a7f.RData
 delete mode 100644 README_cache/markdown_github/unnamed-chunk-2_1cca9acadea30f5947d52656eddc8a7f.rdb
 delete mode 100644 README_cache/markdown_github/unnamed-chunk-2_1cca9acadea30f5947d52656eddc8a7f.rdx
 delete mode 100644 README_cache/markdown_github/unnamed-chunk-3_364ab869d7734c8ec8def35dab01c08d.RData
 delete mode 100644 README_cache/markdown_github/unnamed-chunk-3_364ab869d7734c8ec8def35dab01c08d.rdb
 delete mode 100644 README_cache/markdown_github/unnamed-chunk-3_364ab869d7734c8ec8def35dab01c08d.rdx
 delete mode 100644 README_cache/markdown_github/unnamed-chunk-5_588493418c3ad95abb4d28f975690637.RData
 delete mode 100644 README_cache/markdown_github/unnamed-chunk-5_588493418c3ad95abb4d28f975690637.rdb
 delete mode 100644 README_cache/markdown_github/unnamed-chunk-5_588493418c3ad95abb4d28f975690637.rdx
 delete mode 100644 README_cache/markdown_github/unnamed-chunk-6_ba9cf3b30a873635408608776531ee5e.RData
 delete mode 100644 README_cache/markdown_github/unnamed-chunk-6_ba9cf3b30a873635408608776531ee5e.rdb
 delete mode 100644 README_cache/markdown_github/unnamed-chunk-6_ba9cf3b30a873635408608776531ee5e.rdx
 delete mode 100644 README_cache/markdown_github/unnamed-chunk-7_c5130420a80405f8f78329dbf91ef5f0.RData
 delete mode 100644 README_cache/markdown_github/unnamed-chunk-7_c5130420a80405f8f78329dbf91ef5f0.rdb
 delete mode 100644 README_cache/markdown_github/unnamed-chunk-7_c5130420a80405f8f78329dbf91ef5f0.rdx
 delete mode 100644 README_cache/markdown_github/unnamed-chunk-8_d9b8ca6a7261ba51ba8c71e9f43d0fab.RData
 delete mode 100644 README_cache/markdown_github/unnamed-chunk-8_d9b8ca6a7261ba51ba8c71e9f43d0fab.rdb
 delete mode 100644 README_cache/markdown_github/unnamed-chunk-8_d9b8ca6a7261ba51ba8c71e9f43d0fab.rdx
 delete mode 100644 README_cache/markdown_github/unnamed-chunk-9_95c0e3d13dbf39748d85310d5488e192.RData
 delete mode 100644 README_cache/markdown_github/unnamed-chunk-9_95c0e3d13dbf39748d85310d5488e192.rdb
 delete mode 100644 README_cache/markdown_github/unnamed-chunk-9_95c0e3d13dbf39748d85310d5488e192.rdx
]0;/home/dreznik/Dropbox/Data Science/R Projects/Collatz]0;dreznik@dreznik-ubuntu-01: ~/Dropbox/Data Science/R Projects/Collatz[01;32mdreznik@dreznik-ubuntu-01[00m:[01;34m~/Dropbox/Data Science/R Projects/Collatz[00m$ git push
Enter passphrase for key '/home/dreznik/.ssh/id_rsa': 
Counting objects: 15, done.
Delta compression using up to 2 threads.
Compressing objects:   7% (1/14)   Compressing objects:  14% (2/14)   Compressing objects:  21% (3/14)   Compressing objects:  28% (4/14)   Compressing objects:  35% (5/14)   Compressing objects:  42% (6/14)   Compressing objects:  50% (7/14)   Compressing objects:  57% (8/14)   Compressing objects:  64% (9/14)   Compressing objects:  71% (10/14)   Compressing objects:  78% (11/14)   Compressing objects:  85% (12/14)   Compressing objects:  92% (13/14)   Compressing objects: 100% (14/14)   Compressing objects: 100% (14/14), done.
Writing objects:   6% (1/15)   Writing objects:  13% (2/15)   Writing objects:  20% (3/15)   Writing objects:  26% (4/15)   Writing objects:  33% (5/15)   Writing objects:  40% (6/15)   Writing objects:  46% (7/15)   Writing objects:  53% (8/15)   Writing objects:  60% (9/15)   Writing objects:  66% (10/15)   Writing objects:  73% (11/15)   Writing objects:  80% (12/15)   Writing objects:  86% (13/15)   Writing objects:  93% (14/15)   Writing objects: 100% (15/15)   Writing objects: 100% (15/15), 1.94 KiB | 180.00 KiB/s, done.
Total 15 (delta 6), reused 0 (delta 0)
remote: Resolving deltas:   0% (0/6)   [Kremote: Resolving deltas:  33% (2/6)   [Kremote: Resolving deltas:  66% (4/6)   [Kremote: Resolving deltas:  83% (5/6)   [Kremote: Resolving deltas: 100% (6/6)   [Kremote: Resolving deltas: 100% (6/6), completed with 4 local objects.[K
To github.com:dan-reznik/Collatz-Sequences.git
   ced7358..9f15da8  master -> master
]0;/home/dreznik/Dropbox/Data Science/R Projects/Collatz]0;dreznik@dreznik-ubuntu-01: ~/Dropbox/Data Science/R Projects/Collatz[01;32mdreznik@dreznik-ubuntu-01[00m:[01;34m~/Dropbox/Data Science/R Projects/Collatz[00m$ ls
Collatz.Rproj  [0m[01;34mdata[0m  [01;34mpics[0m  [01;34mREADME_files[0m  README.md  README.Rmd
]0;/home/dreznik/Dropbox/Data Science/R Projects/Collatz]0;dreznik@dreznik-ubuntu-01: ~/Dropbox/Data Science/R Projects/Collatz[01;32mdreznik@dreznik-ubuntu-01[00m:[01;34m~/Dropbox/Data Science/R Projects/Collatz[00m$ 